# serializer version: 1
# name: test_body_multiple_locations
  '''
  <tbody class="gt_table_body">
    <tr>
      <td style="background-color: red;" class="gt_row gt_right">0.1111</td>
      <td class="gt_row gt_left">apricot</td>
    </tr>
    <tr>
      <td class="gt_row gt_right">2.222</td>
      <td style="background-color: red;" class="gt_row gt_left">banana</td>
    </tr>
    <tr>
      <td style="background-color: red;" class="gt_row gt_right">33.33</td>
      <td class="gt_row gt_left">coconut</td>
    </tr>
  </tbody>
  '''
# ---
# name: test_body_multiple_styles
  '''
  <tbody class="gt_table_body">
    <tr>
      <td style="background-color: red; border-left: 1px solid #000000;" class="gt_row gt_right">0.1111</td>
      <td class="gt_row gt_left">apricot</td>
    </tr>
    <tr>
      <td class="gt_row gt_right">2.222</td>
      <td class="gt_row gt_left">banana</td>
    </tr>
    <tr>
      <td class="gt_row gt_right">33.33</td>
      <td class="gt_row gt_left">coconut</td>
    </tr>
  </tbody>
  '''
# ---
# name: test_loc_kitchen_sink
  '''
  <table class="gt_table" data-quarto-disable-processing="false" data-quarto-bootstrap="false">
  <thead>
  
    <tr class="gt_heading">
      <td colspan="4" class="gt_heading gt_title gt_font_normal" style="HEADER TITLE">title</td>
    </tr>
    <tr class="gt_heading">
      <td colspan="4" class="gt_heading gt_subtitle gt_font_normal gt_bottom_border" style="HEADER SUBTITLE">subtitle</td>
    </tr>
  <tr class="gt_col_headings gt_spanner_row">
    <th class="gt_col_heading gt_columns_bottom_border gt_left" rowspan="2" colspan="1" style="STUBHEAD" scope="col" id="stubhead">stubhead</th>
    <th class="gt_col_heading gt_columns_bottom_border gt_right" rowspan="2" colspan="1" style="COLUMN_HEADER COLUMN_LABEL" scope="col" id="num">num</th>
    <th class="gt_center gt_columns_top_border gt_column_spanner_outer" rowspan="1" colspan="2" style="COLUMN_HEADER SPANNER_LABEL" scope="colgroup" id="spanner">
      <span class="gt_column_spanner">spanner</span>
    </th>
  </tr>
  <tr class="gt_col_headings">
    <th class="gt_col_heading gt_columns_bottom_border gt_left" rowspan="1" colspan="1" style="COLUMN_HEADER" scope="col" id="char">char</th>
    <th class="gt_col_heading gt_columns_bottom_border gt_left" rowspan="1" colspan="1" style="COLUMN_HEADER" scope="col" id="fctr">fctr</th>
  </tr>
  </thead>
  <tbody class="gt_table_body">
    <tr class="gt_group_heading_row">
      <th class="gt_group_heading" colspan="4" style="GROUP_LABEL">grp_a</th>
    </tr>
    <tr>
      <th style="STUB ROW_LABEL" class="gt_row gt_left gt_stub">row_1</th>
      <td style="BODY" class="gt_row gt_right">0.1111</td>
      <td style="BODY" class="gt_row gt_left">apricot</td>
      <td style="BODY" class="gt_row gt_left">one</td>
    </tr>
  </tbody>
    <tfoot class="gt_sourcenotes">
    
    <tr>
      <td class="gt_sourcenote" colspan="4" style="FOOTER SOURCE_NOTES">yo</td>
    </tr>
  
  </tfoot>
  
  </table>
  
  </div>
          
  '''
# ---
# name: test_multiple_spanners_pads_for_stubhead_label
  '''
  <tr class="gt_col_headings gt_spanner_row">
    <th class="gt_col_heading gt_columns_bottom_border gt_left" rowspan="1" colspan="1" scope="col">
      <span>&nbsp</span>
    </th>
    <th class="gt_center gt_columns_bottom_border gt_columns_top_border gt_column_spanner_outer" rowspan="1" colspan="3" scope="colgroup">
      <span class="gt_column_spanner">E</span>
    </th>
    <th class="gt_center gt_columns_bottom_border gt_columns_top_border gt_column_spanner_outer" rowspan="1" colspan="4" scope="colgroup">
      <span>&nbsp;</span>
    </th>
  </tr>
  <tr class="gt_col_headings gt_spanner_row">
    <th class="gt_col_heading gt_columns_bottom_border gt_left" rowspan="1" colspan="1" scope="col">
      <span>&nbsp</span>
    </th>
    <th class="gt_center gt_columns_bottom_border gt_columns_top_border gt_column_spanner_outer" rowspan="1" colspan="2" scope="colgroup">
      <span>&nbsp;</span>
    </th>
    <th class="gt_center gt_columns_bottom_border gt_columns_top_border gt_column_spanner_outer" rowspan="1" colspan="3" scope="colgroup">
      <span class="gt_column_spanner">D</span>
    </th>
    <th class="gt_center gt_columns_bottom_border gt_columns_top_border gt_column_spanner_outer" rowspan="1" colspan="2" scope="colgroup">
      <span>&nbsp;</span>
    </th>
  </tr>
  <tr class="gt_col_headings gt_spanner_row">
    <th class="gt_col_heading gt_columns_bottom_border gt_left" rowspan="1" colspan="1" scope="col">
      <span>&nbsp</span>
    </th>
    <th class="gt_center gt_columns_bottom_border gt_columns_top_border gt_column_spanner_outer" rowspan="1" colspan="2" scope="colgroup">
      <span class="gt_column_spanner">C</span>
    </th>
    <th class="gt_center gt_columns_bottom_border gt_columns_top_border gt_column_spanner_outer" rowspan="1" colspan="1" scope="col">
      <span class="gt_column_spanner">B</span>
    </th>
    <th class="gt_center gt_columns_bottom_border gt_columns_top_border gt_column_spanner_outer" rowspan="1" colspan="4" scope="colgroup">
      <span>&nbsp;</span>
    </th>
  </tr>
  <tr class="gt_col_headings gt_spanner_row">
    <th class="gt_col_heading gt_columns_bottom_border gt_left" rowspan="2" colspan="1" scope="col" id="Group">Group</th>
    <th class="gt_center gt_columns_top_border gt_column_spanner_outer" rowspan="1" colspan="3" scope="colgroup" id="A">
      <span class="gt_column_spanner">A</span>
    </th>
    <th class="gt_col_heading gt_columns_bottom_border gt_right" rowspan="2" colspan="1" scope="col" id="date">date</th>
    <th class="gt_col_heading gt_columns_bottom_border gt_right" rowspan="2" colspan="1" scope="col" id="time">time</th>
    <th class="gt_col_heading gt_columns_bottom_border gt_right" rowspan="2" colspan="1" scope="col" id="datetime">datetime</th>
    <th class="gt_col_heading gt_columns_bottom_border gt_right" rowspan="2" colspan="1" scope="col" id="currency">currency</th>
  </tr>
  <tr class="gt_col_headings">
    <th class="gt_col_heading gt_columns_bottom_border gt_right" rowspan="1" colspan="1" scope="col" id="num">num</th>
    <th class="gt_col_heading gt_columns_bottom_border gt_left" rowspan="1" colspan="1" scope="col" id="char">char</th>
    <th class="gt_col_heading gt_columns_bottom_border gt_left" rowspan="1" colspan="1" scope="col" id="fctr">fctr</th>
  </tr>
  '''
# ---
# name: test_render_groups_reordered
  '''
  <tbody class="gt_table_body">
    <tr class="gt_group_heading_row">
      <th class="gt_group_heading" colspan="2">A</th>
    </tr>
    <tr>
      <th class="gt_row gt_left gt_stub">0</th>
      <td class="gt_row gt_right">00</td>
    </tr>
    <tr>
      <th class="gt_row gt_left gt_stub">2</th>
      <td class="gt_row gt_right">22</td>
    </tr>
    <tr class="gt_group_heading_row">
      <th class="gt_group_heading" colspan="2">B</th>
    </tr>
    <tr>
      <th class="gt_row gt_left gt_stub">1</th>
      <td class="gt_row gt_right">11</td>
    </tr>
    <tr>
      <th class="gt_row gt_left gt_stub">3</th>
      <td class="gt_row gt_right">33</td>
    </tr>
  </tbody>
  '''
# ---
# name: test_render_polars_list_col
  '''
  <tbody class="gt_table_body">
    <tr>
      <td class="gt_row gt_center">[1, 2]</td>
    </tr>
  </tbody>
  '''
# ---
# name: test_source_notes_snap
  '''
    <tfoot class="gt_sourcenotes">
    
    <tr>
      <td class="gt_sourcenote" colspan="9">An <strong>important</strong> note.</td>
    </tr>
  
  
    <tr>
      <td class="gt_sourcenote" colspan="9">Another <em>important</em> note.</td>
    </tr>
  
  
    <tr>
      <td class="gt_sourcenote" colspan="9">A plain note.</td>
    </tr>
  
  
    <tr>
      <td class="gt_sourcenote" colspan="9">An <strong>HTML heavy</strong> note.</td>
    </tr>
  
  </tfoot>
  '''
# ---
# name: test_styling_data_01
  '''
  <tbody class="gt_table_body">
    <tr>
      <td style="color: red;" class="gt_row gt_right">0.1111</td>
      <td style="color: red;" class="gt_row gt_left">apricot</td>
    </tr>
    <tr>
      <td style="color: red;" class="gt_row gt_right">2.222</td>
      <td style="color: red;" class="gt_row gt_left">banana</td>
    </tr>
    <tr>
      <td style="color: red;" class="gt_row gt_right">33.33</td>
      <td style="color: red;" class="gt_row gt_left">coconut</td>
    </tr>
  </tbody>
  '''
# ---
# name: test_styling_data_02
  '''
  <tbody class="gt_table_body">
    <tr>
      <td class="gt_row gt_right">0.1111</td>
      <td style="color: red;" class="gt_row gt_left">apricot</td>
    </tr>
    <tr>
      <td class="gt_row gt_right">2.222</td>
      <td style="color: red;" class="gt_row gt_left">banana</td>
    </tr>
    <tr>
      <td class="gt_row gt_right">33.33</td>
      <td style="color: red;" class="gt_row gt_left">coconut</td>
    </tr>
  </tbody>
  '''
# ---
# name: test_styling_data_03
  '''
  <tbody class="gt_table_body">
    <tr>
      <td class="gt_row gt_right">0.1111</td>
      <td style="color: red;" class="gt_row gt_left">apricot</td>
    </tr>
    <tr>
      <td class="gt_row gt_right">2.222</td>
      <td class="gt_row gt_left">banana</td>
    </tr>
    <tr>
      <td class="gt_row gt_right">33.33</td>
      <td style="color: red;" class="gt_row gt_left">coconut</td>
    </tr>
  </tbody>
  '''
# ---
# name: test_styling_data_04
  '''
  <tbody class="gt_table_body">
    <tr>
      <td class="gt_row gt_right">0.1111</td>
      <td class="gt_row gt_left">apricot</td>
    </tr>
    <tr>
      <td class="gt_row gt_right">2.222</td>
      <td class="gt_row gt_left">banana</td>
    </tr>
    <tr>
      <td class="gt_row gt_right">33.33</td>
      <td class="gt_row gt_left">coconut</td>
    </tr>
  </tbody>
  '''
# ---
# name: test_styling_data_05
  '''
  <tbody class="gt_table_body">
    <tr>
      <td class="gt_row gt_right">0.1111</td>
      <td class="gt_row gt_left">apricot</td>
    </tr>
    <tr>
      <td class="gt_row gt_right">2.222</td>
      <td class="gt_row gt_left">banana</td>
    </tr>
    <tr>
      <td class="gt_row gt_right">33.33</td>
      <td class="gt_row gt_left">coconut</td>
    </tr>
  </tbody>
  '''
# ---
# name: test_styling_data_06
  '''
  <tbody class="gt_table_body">
    <tr>
      <td class="gt_row gt_right">0.1111</td>
      <td class="gt_row gt_left">apricot</td>
    </tr>
    <tr>
      <td class="gt_row gt_right">2.222</td>
      <td class="gt_row gt_left">banana</td>
    </tr>
    <tr>
      <td class="gt_row gt_right">33.33</td>
      <td class="gt_row gt_left">coconut</td>
    </tr>
  </tbody>
  '''
# ---
# name: test_styling_data_07
  '''
  <tbody class="gt_table_body">
    <tr>
      <td class="gt_row gt_right">0.1111</td>
      <td style="border-left: 1px solid #000000;" class="gt_row gt_left">apricot</td>
    </tr>
    <tr>
      <td class="gt_row gt_right">2.222</td>
      <td class="gt_row gt_left">banana</td>
    </tr>
    <tr>
      <td class="gt_row gt_right">33.33</td>
      <td style="border-left: 1px solid #000000;" class="gt_row gt_left">coconut</td>
    </tr>
  </tbody>
  '''
# ---
# name: test_styling_data_08
  '''
  <tbody class="gt_table_body">
    <tr>
      <td class="gt_row gt_right">0.1111</td>
      <td style="border-left: 1px solid #000000;" class="gt_row gt_left">apricot</td>
    </tr>
    <tr>
      <td class="gt_row gt_right">2.222</td>
      <td class="gt_row gt_left">banana</td>
    </tr>
    <tr>
      <td class="gt_row gt_right">33.33</td>
      <td style="border-left: 1px solid #000000;" class="gt_row gt_left">coconut</td>
    </tr>
  </tbody>
  '''
# ---
# name: test_styling_data_09
  '''
  <tbody class="gt_table_body">
    <tr>
      <td class="gt_row gt_right">0.1111</td>
      <td style="border-left: 1px solid #000000;border-right: 1px solid #000000;" class="gt_row gt_left">apricot</td>
    </tr>
    <tr>
      <td class="gt_row gt_right">2.222</td>
      <td class="gt_row gt_left">banana</td>
    </tr>
    <tr>
      <td class="gt_row gt_right">33.33</td>
      <td style="border-left: 1px solid #000000;border-right: 1px solid #000000;" class="gt_row gt_left">coconut</td>
    </tr>
  </tbody>
  '''
# ---
# name: test_styling_data_10
  '''
  <tbody class="gt_table_body">
    <tr>
      <td class="gt_row gt_right">0.1111</td>
      <td style="border-top: 1px solid #000000;border-bottom: 1px solid #000000;border-left: 1px solid #000000;border-right: 1px solid #000000;" class="gt_row gt_left">apricot</td>
    </tr>
    <tr>
      <td class="gt_row gt_right">2.222</td>
      <td class="gt_row gt_left">banana</td>
    </tr>
    <tr>
      <td class="gt_row gt_right">33.33</td>
      <td style="border-top: 1px solid #000000;border-bottom: 1px solid #000000;border-left: 1px solid #000000;border-right: 1px solid #000000;" class="gt_row gt_left">coconut</td>
    </tr>
  </tbody>
  '''
# ---
