# serializer version: 1
# name: test_scss_default_generated
  '''
  #abc table {
            font-family: -apple-system, BlinkMacSystemFont, 'Segoe UI', Roboto, Oxygen, Ubuntu, Cantarell, 'Helvetica Neue', 'Fira Sans', 'Droid Sans', Arial, sans-serif;
            -webkit-font-smoothing: antialiased;
            -moz-osx-font-smoothing: grayscale;
          }
  
  #abc thead,
  tbody,
  tfoot,
  tr,
  td,
  th {
    border-style: none;
  }
  
  tr {
    background-color: transparent;
  }
  
  #abc p {
    margin: 0;
    padding: 0;
  }
  
  #abc .gt_table {
    display: table;
    border-collapse: collapse;
    line-height: normal;
    margin-left: auto;
    margin-right: auto;
    color: #333333;
    font-size: 16px;
    font-weight: normal;
    font-style: normal;
    background-color: #FFFFFF;
    width: auto;
    border-top-style: solid;
    border-top-width: 2px;
    border-top-color: #A8A8A8;
    border-right-style: none;
    border-right-width: 2px;
    border-right-color: #D3D3D3;
    border-bottom-style: solid;
    border-bottom-width: 2px;
    border-bottom-color: #A8A8A8;
    border-left-style: none;
    border-left-width: 2px;
    border-left-color: #D3D3D3;
  }
  
  #abc .gt_caption {
    padding-top: 4px;
    padding-bottom: 4px;
  }
  
  #abc .gt_title {
    color: #333333;
    font-size: 125%;
    font-weight: initial;
    padding-top: 4px;
    padding-bottom: 4px;
    padding-left: 5px;
    padding-right: 5px;
    border-bottom-color: #FFFFFF;
    border-bottom-width: 0;
  }
  
  #abc .gt_subtitle {
    color: #333333;
    font-size: 85%;
    font-weight: initial;
    padding-top: 3px;
    padding-bottom: 5px;
    padding-left: 5px;
    padding-right: 5px;
    border-top-color: #FFFFFF;
    border-top-width: 0;
  }
  
  #abc .gt_heading {
    background-color: #FFFFFF;
    text-align: center;
    border-bottom-color: #FFFFFF;
    border-left-style: none;
    border-left-width: 1px;
    border-left-color: #D3D3D3;
    border-right-style: none;
    border-right-width: 1px;
    border-right-color: #D3D3D3;
  }
  
  #abc .gt_bottom_border {
    border-bottom-style: solid;
    border-bottom-width: 2px;
    border-bottom-color: #D3D3D3;
  }
  
  #abc .gt_col_headings {
    border-top-style: solid;
    border-top-width: 2px;
    border-top-color: #D3D3D3;
    border-bottom-style: solid;
    border-bottom-width: 2px;
    border-bottom-color: #D3D3D3;
    border-left-style: none;
    border-left-width: 1px;
    border-left-color: #D3D3D3;
    border-right-style: none;
    border-right-width: 1px;
    border-right-color: #D3D3D3;
  }
  
  #abc .gt_col_heading {
    color: #333333;
    background-color: #FFFFFF;
    font-size: 100%;
    font-weight: normal;
    text-transform: inherit;
    border-left-style: none;
    border-left-width: 1px;
    border-left-color: #D3D3D3;
    border-right-style: none;
    border-right-width: 1px;
    border-right-color: #D3D3D3;
    vertical-align: bottom;
    padding-top: 5px;
    padding-bottom: 5px;
    padding-left: 5px;
    padding-right: 5px;
    overflow-x: hidden;
  }
  
  #abc .gt_column_spanner_outer {
    color: #333333;
    background-color: #FFFFFF;
    font-size: 100%;
    font-weight: normal;
    text-transform: inherit;
    padding-top: 0;
    padding-bottom: 0;
    padding-left: 4px;
    padding-right: 4px;
  }
  
  #abc .gt_column_spanner_outer:first-child {
    padding-left: 0;
  }
  
  #abc .gt_column_spanner_outer:last-child {
    padding-right: 0;
  }
  
  #abc .gt_column_spanner {
    border-bottom-style: solid;
    border-bottom-width: 2px;
    border-bottom-color: #D3D3D3;
    vertical-align: bottom;
    padding-top: 5px;
    padding-bottom: 5px;
    overflow-x: hidden;
    display: inline-block;
    width: 100%;
  }
  
  #abc .gt_spanner_row {
    border-bottom-style: hidden;
  }
  
  #abc .gt_group_heading {
    padding-top: 8px;
    padding-bottom: 8px;
    padding-left: 5px;
    padding-right: 5px;
    color: #333333;
    background-color: #FFFFFF;
    font-size: 100%;
    font-weight: initial;
    text-transform: inherit;
    border-top-style: solid;
    border-top-width: 2px;
    border-top-color: #D3D3D3;
    border-bottom-style: solid;
    border-bottom-width: 2px;
    border-bottom-color: #D3D3D3;
    border-left-style: none;
    border-left-width: 1px;
    border-left-color: #D3D3D3;
    border-right-style: none;
    border-right-width: 1px;
    border-right-color: #D3D3D3;
    vertical-align: middle;
    text-align: left;
  }
  
  #abc .gt_empty_group_heading {
    padding: 0.5px;
    color: #333333;
    background-color: #FFFFFF;
    font-size: 100%;
    font-weight: initial;
    border-top-style: solid;
    border-top-width: 2px;
    border-top-color: #D3D3D3;
    border-bottom-style: solid;
    border-bottom-width: 2px;
    border-bottom-color: #D3D3D3;
    vertical-align: middle;
  }
  
  #abc .gt_from_md> :first-child {
    margin-top: 0;
  }
  
  #abc .gt_from_md> :last-child {
    margin-bottom: 0;
  }
  
  #abc .gt_row {
    padding-top: 8px;
    padding-bottom: 8px;
    padding-left: 5px;
    padding-right: 5px;
    margin: 10px;
    border-top-style: solid;
    border-top-width: 1px;
    border-top-color: #D3D3D3;
    border-left-style: none;
    border-left-width: 1px;
    border-left-color: #D3D3D3;
    border-right-style: none;
    border-right-width: 1px;
    border-right-color: #D3D3D3;
    vertical-align: middle;
    overflow-x: hidden;
  }
  
  #abc .gt_stub {
    color: #333333;
    background-color: #FFFFFF;
    font-size: 100%;
    font-weight: initial;
    text-transform: inherit;
    border-right-style: solid;
    border-right-width: 2px;
    border-right-color: #D3D3D3;
    padding-left: 5px;
    padding-right: 5px;
  }
  
  #abc .gt_stub_row_group {
    color: #333333;
    background-color: #FFFFFF;
    font-size: 100%;
    font-weight: initial;
    text-transform: inherit;
    border-right-style: solid;
    border-right-width: 2px;
    border-right-color: #D3D3D3;
    padding-left: 5px;
    padding-right: 5px;
    vertical-align: top;
  }
  
  #abc .gt_row_group_first td {
    border-top-width: 2px;
  }
  
  #abc .gt_row_group_first th {
    border-top-width: 2px;
  }
  
  #abc .gt_table_body {
    border-top-style: solid;
    border-top-width: 2px;
    border-top-color: #D3D3D3;
    border-bottom-style: solid;
    border-bottom-width: 2px;
    border-bottom-color: #D3D3D3;
  }
  
  #abc .gt_sourcenotes {
    color: #333333;
    background-color: #FFFFFF;
    border-bottom-style: none;
    border-bottom-width: 2px;
    border-bottom-color: #D3D3D3;
    border-left-style: none;
    border-left-width: 2px;
    border-left-color: #D3D3D3;
    border-right-style: none;
    border-right-width: 2px;
    border-right-color: #D3D3D3;
  }
  
  #abc .gt_sourcenote {
    font-size: 90%;
    padding-top: 4px;
    padding-bottom: 4px;
    padding-left: 5px;
    padding-right: 5px;
    text-align: left;
  }
  
  #abc .gt_left {
    text-align: left;
  }
  
  #abc .gt_center {
    text-align: center;
  }
  
  #abc .gt_right {
    text-align: right;
    font-variant-numeric: tabular-nums;
  }
  
  #abc .gt_font_normal {
    font-weight: normal;
  }
  
  #abc .gt_font_bold {
    font-weight: bold;
  }
  
  #abc .gt_font_italic {
    font-style: italic;
  }
  
  #abc .gt_super {
    font-size: 65%;
  }
  
  #abc .gt_footnote_marks {
    font-size: 75%;
    vertical-align: 0.4em;
    position: initial;
  }
  
  #abc .gt_asterisk {
    font-size: 100%;
    vertical-align: 0;
  }
  
  '''
# ---
